// Jest Snapshot v1, https://goo.gl/fbAQLP

exports[`USER-FAQ component tests Snapshot of render 1`] = `<main />`;
